##########################################
# (1) LINK INFORMATION                   #
##########################################
c:\program files\renesas\hew\tools\renesas\nc100\v102r00\bin\ln100.exe @E:\repository\09xxxx\090928\firmware\V130\Webserver\Debug\Webserver_App.100l

# LINK FILE INFORMATION
ncrt0 (E:\repository\09xxxx\090928\firmware\V130\Webserver\Debug\ncrt0.r30)
	Sep 19 18:11:18 2009

dhcp (E:\repository\09xxxx\090928\firmware\V130\Webserver\Debug\dhcp.r30)
	Sep 19 18:11:17 2009

HTTPD (E:\repository\09xxxx\090928\firmware\V130\Webserver\Debug\HTTPD.r30)
	Sep 19 18:11:16 2009

hwsetup (E:\repository\09xxxx\090928\firmware\V130\Webserver\Debug\hwsetup.r30)
	Sep 19 18:11:17 2009

main (E:\repository\09xxxx\090928\firmware\V130\Webserver\Debug\main.r30)
	Sep 21 10:18:04 2009

md5 (E:\repository\09xxxx\090928\firmware\V130\Webserver\Debug\md5.r30)
	Sep 19 18:11:17 2009

OLED28 (E:\repository\09xxxx\090928\firmware\V130\Webserver\Debug\OLED28.r30)
	Sep 19 18:11:16 2009

ROMFS (E:\repository\09xxxx\090928\firmware\V130\Webserver\Debug\ROMFS.r30)
	Sep 19 18:11:16 2009

searchfile (E:\repository\09xxxx\090928\firmware\V130\Webserver\Debug\searchfile.r30)
	Sep 19 18:11:17 2009

socket (E:\repository\09xxxx\090928\firmware\V130\Webserver\Debug\socket.r30)
	Sep 19 18:11:18 2009

w5100 (E:\repository\09xxxx\090928\firmware\V130\Webserver\Debug\w5100.r30)
	Sep 19 18:11:18 2009

webserver (E:\repository\09xxxx\090928\firmware\V130\Webserver\Debug\webserver.r30)
	Sep 21 11:00:03 2009

mdata (c:\program files\renesas\hew\tools\renesas\nc100\v102r00\lib100\nc100lib.lib)
	Apr 20 16:02:34 2009

sprintf (c:\program files\renesas\hew\tools\renesas\nc100\v102r00\lib100\nc100lib.lib)
	Apr 20 16:02:40 2009

strcat (c:\program files\renesas\hew\tools\renesas\nc100\v102r00\lib100\nc100lib.lib)
	Apr 20 16:02:41 2009

strchr (c:\program files\renesas\hew\tools\renesas\nc100\v102r00\lib100\nc100lib.lib)
	Apr 20 16:02:41 2009

strlen (c:\program files\renesas\hew\tools\renesas\nc100\v102r00\lib100\nc100lib.lib)
	Apr 20 16:02:42 2009

strstr (c:\program files\renesas\hew\tools\renesas\nc100\v102r00\lib100\nc100lib.lib)
	Apr 20 16:02:44 2009

strtok (c:\program files\renesas\hew\tools\renesas\nc100\v102r00\lib100\nc100lib.lib)
	Apr 20 16:02:44 2009

print (c:\program files\renesas\hew\tools\renesas\nc100\v102r00\lib100\nc100lib.lib)
	Apr 20 16:02:37 2009

strpbrk (c:\program files\renesas\hew\tools\renesas\nc100\v102r00\lib100\nc100lib.lib)
	Apr 20 16:02:43 2009

strspn (c:\program files\renesas\hew\tools\renesas\nc100\v102r00\lib100\nc100lib.lib)
	Apr 20 16:02:43 2009

_f8eq (c:\program files\renesas\hew\tools\renesas\nc100\v102r00\lib100\nc100lib.lib)
	Apr 20 16:02:18 2009

_f8ge (c:\program files\renesas\hew\tools\renesas\nc100\v102r00\lib100\nc100lib.lib)
	Apr 20 16:02:18 2009

_f8lt (c:\program files\renesas\hew\tools\renesas\nc100\v102r00\lib100\nc100lib.lib)
	Apr 20 16:02:18 2009

_f8mul (c:\program files\renesas\hew\tools\renesas\nc100\v102r00\lib100\nc100lib.lib)
	Apr 20 16:02:19 2009

_f8ne (c:\program files\renesas\hew\tools\renesas\nc100\v102r00\lib100\nc100lib.lib)
	Apr 20 16:02:19 2009

_i8divu (c:\program files\renesas\hew\tools\renesas\nc100\v102r00\lib100\nc100lib.lib)
	Apr 20 16:02:21 2009

_i8modu (c:\program files\renesas\hew\tools\renesas\nc100\v102r00\lib100\nc100lib.lib)
	Apr 20 16:02:21 2009

cdata (c:\program files\renesas\hew\tools\renesas\nc100\v102r00\lib100\nc100lib.lib)
	Apr 20 16:02:26 2009


##########################################
# (2) SECTION INFORMATION                #
##########################################
# SECTION                        ATR TYPE    START    LENGTH  ALIGN MODULENAME
data_SB8                         ABS DATA    00000400 0000000       ncrt0
bss_SB8                          REL DATA    00000400 0000000 4     ncrt0
data_NEAR                        REL DATA    00000400 0000000 4     ncrt0
                                 REL DATA    00000400 0000004 4     dhcp
                                 REL DATA    00000404 0000006 4     main
                                 REL DATA    0000040C 0000040 4     md5
                                 REL DATA    0000044C 0000C79 4     ROMFS
                                 REL DATA    000010C8 0000010 4     mdata
                                 REL DATA    000010D8 0000004 4     strtok
bss_NEAR                         REL DATA    000010DC 0000000 4     ncrt0
                                 REL DATA    000010DC 0000257 4     dhcp
                                 REL DATA    00001334 0000004 4     hwsetup
                                 REL DATA    00001338 000080D 4     main
                                 REL DATA    00001B48 0000002 4     socket
                                 REL DATA    00001B4C 0000034 4     w5100
                                 REL DATA    00001B80 000001E 4     webserver
                                 REL DATA    00001BA0 0000008 4     mdata
                                 REL DATA    00001BA8 0000004 4     sprintf
                                 REL DATA    00001BAC 0000372 4     print
data_MON1                        REL DATA    00001F20 0000000 4     ncrt0
bss_MON1                         REL DATA    00001F20 0000000 4     ncrt0
data_MON2                        REL DATA    00001F20 0000000 4     ncrt0
bss_MON2                         REL DATA    00001F20 0000000 4     ncrt0
data_MON3                        REL DATA    00001F20 0000000 4     ncrt0
bss_MON3                         REL DATA    00001F20 0000000 4     ncrt0
data_MON4                        REL DATA    00001F20 0000000 4     ncrt0
bss_MON4                         REL DATA    00001F20 0000000 4     ncrt0
stack                            REL DATA    00001F20 0000600 4     ncrt0
heap                             REL DATA    00002520 0000300 4     ncrt0
data_FAR                         REL DATA    00002820 0000000 4     ncrt0
bss_FAR                          REL DATA    00002820 0000000 4     ncrt0
data_EXT                         ABS DATA    00800000 0000000       ncrt0
bss_EXT                          REL DATA    00800000 0000000 4     ncrt0
data_EXT_INIT                    ABS ROMDATA FF000000 0000000       ncrt0
rom_EXT                          REL ROMDATA FF000000 0000000 4     ncrt0
program_EXT                      REL CODE    FF000000 0000000 4     ncrt0
rom_FAR                          ABS ROMDATA FFFC1000 0000000       ncrt0
                                 REL ROMDATA FFFC1000 0000013 4     dhcp
                                 REL ROMDATA FFFC1014 000022E 4     HTTPD
                                 REL ROMDATA FFFC1244 0000096 4     main
                                 REL ROMDATA FFFC12DC 0004200 4     OLED28
                                 REL ROMDATA FFFC54DC 0000030 4     ROMFS
                                 REL ROMDATA FFFC550C 0000189 4     webserver
                                 REL ROMDATA FFFC5698 000000A 4     print
                                 REL ROMDATA FFFC56A4 0000101 4     cdata
data_NEAR_INIT                   ABS ROMDATA FFFD1000 0000000       ncrt0
                                 REL ROMDATA FFFD1000 0000004 4     dhcp
                                 REL ROMDATA FFFD1004 0000006 4     main
                                 REL ROMDATA FFFD100C 0000040 4     md5
                                 REL ROMDATA FFFD104C 0000C79 4     ROMFS
                                 REL ROMDATA FFFD1CC8 0000010 4     mdata
                                 REL ROMDATA FFFD1CD8 0000004 4     strtok
data_MON1_INIT                   REL ROMDATA FFFD1CDC 0000000 4     ncrt0
data_MON2_INIT                   REL ROMDATA FFFD1CDC 0000000 4     ncrt0
data_MON3_INIT                   REL ROMDATA FFFD1CDC 0000000 4     ncrt0
data_MON4_INIT                   REL ROMDATA FFFD1CDC 0000000 4     ncrt0
data_SB8_INIT                    REL ROMDATA FFFD1CDC 0000000 4     ncrt0
data_FAR_INIT                    REL ROMDATA FFFD1CDC 0000000 4     ncrt0
switch_table                     REL ROMDATA FFFD1CDC 0000000 4     ncrt0
program                          REL CODE    FFFD1CDC 0000000 4     ncrt0
                                 REL CODE    FFFD1CDC 0000C90 4     dhcp
                                 REL CODE    FFFD296C 0000418 4     HTTPD
                                 REL CODE    FFFD2D84 00000A9 4     hwsetup
                                 REL CODE    FFFD2E30 00002C6 4     main
                                 REL CODE    FFFD30F8 0000A0E 4     md5
                                 REL CODE    FFFD3B08 0000971 4     OLED28
                                 REL CODE    FFFD447C 000004E 4     searchfile
                                 REL CODE    FFFD44CC 00007DD 4     socket
                                 REL CODE    FFFD4CAC 0000B4D 4     w5100
                                 REL CODE    FFFD57FC 0000540 4     webserver
                                 REL CODE    FFFD5D3C 000007C 4     sprintf
                                 REL CODE    FFFD5DB8 000001F 4     strcat
                                 REL CODE    FFFD5DD8 0000018 4     strchr
                                 REL CODE    FFFD5DF0 0000013 4     strlen
                                 REL CODE    FFFD5E04 000003E 4     strstr
                                 REL CODE    FFFD5E44 000005B 4     strtok
                                 REL CODE    FFFD5EA0 00013AC 4     print
                                 REL CODE    FFFD724C 000001C 4     strpbrk
                                 REL CODE    FFFD7268 0000026 4     strspn
                                 REL CODE    FFFD7290 0000042 4     _f8eq
                                 REL CODE    FFFD72D4 000005B 4     _f8ge
                                 REL CODE    FFFD7330 000005A 4     _f8lt
                                 REL CODE    FFFD738C 0000238 4     _f8mul
                                 REL CODE    FFFD75C4 0000042 4     _f8ne
                                 REL CODE    FFFD7608 0000099 4     _i8divu
                                 REL CODE    FFFD76A4 0000083 4     _i8modu
interrupt                        REL CODE    FFFD7728 0000000 4     ncrt0
                                 REL CODE    FFFD7728 0000157 4     ncrt0
vector                           ABS ROMDATA FFFFFBDC 0000400       ncrt0
fvector                          ABS ROMDATA FFFFFFDC 0000024       ncrt0
# Total -------------------------------------------------------------------
                                     DATA          000241E(00009246) Byte(s)
                                     ROMDATA       00058A5(00022693) Byte(s)
                                     CODE          0005BA2(00023458) Byte(s)

##########################################
# (3) GLOBAL LABEL INFORMATION           #
##########################################
$C2D               fffd296c  $Draw_ASCII_down   fffd3ce4  $Draw_ASCII_left   fffd3e58
$Draw_ASCII_righ   fffd3fcc  $FF                fffd30f8  $GG                fffd312c
$HH                fffd315c  $II                fffd3188  $IINCHIP_READ      fffd4e14
$IINCHIP_SpiSend   fffd4d8c  $IINCHIP_WRITE     fffd4ddc  $Index_out         fffd3b08
$OLED_FRAME        fffd3c94  $OLED_RECT         fffd3c10  $Parameter_out     fffd3b28
$Pixel_out         fffd3b60  $SET_SCS           fffd4d08  $W5100_Delay       fffd4cf8
$W5100_PHY_Delay   fffd2e90  $_f8eq             fffd7290  $_f8ge             fffd72d4
$_f8geti           fffd6fa0  $_f8lt             fffd7330  $_f8mul            fffd738c
$_f8ne             fffd75c4  $_f8prn            fffd69dc  $_i8divU           fffd7608
$_i8modU           fffd76a4  $_inmod            fffd7144  $_pri              fffd6ec4
$_print            fffd5ea0  $close             fffd45a8  $connect           fffd4624
$disconnect        fffd471c  $exit              fffd787c  $find_http_uri_t   fffd2ab4
$getGAR            fffd51c4  $getGWIP           fffd50a0  $getIINCHIP_RxBA   fffd4dcc
$getIINCHIP_RxMA   fffd4dbc  $getIINCHIP_RxMA   fffd4dac  $getIINCHIP_TxBA   fffd4dd4
$getIINCHIP_TxMA   fffd4dc4  $getIINCHIP_TxMA   fffd4db4  $getISR            fffd4d9c
$getSHAR           fffd5224  $getSIPR           fffd526c  $getSUBR           fffd51f4
$getSn_DHAR        fffd52a0  $getSn_DIPR        fffd5398  $getSn_DPORT       fffd5440
$getSn_IR          fffd54fc  $getSn_RX_RSR      fffd558c  $getSn_SR          fffd550c
$getSn_TX_FSR      fffd551c  $get_http_param_   fffd2cc4  $get_http_uri_na   fffd2d38
$henkan1           fffd6e5c  $henkan2           fffd6e84  $igmpsend          fffd4bec
$led_off           fffd57fc  $led_on            fffd5820  $led_state         fffd5840
$listen            fffd45e4  $make_http_respo   fffd2a28  $md5_final         fffd3298
$md5_init          fffd31b8  $md5_update        fffd31dc  $parseDHCPMSG      fffd2508
$parse_http_requ   fffd2bb4  $picture           fffd438c  $printnum_h        fffd4290
$printstring_h     fffd4140  $printstring_l     fffd41b0  $printstring_r     fffd4220
$putISR            fffd4da4  $read_data         fffd5780  $recv              fffd4814
$recv_data_proce   fffd5680  $recvfrom          fffd49b4  $replacetochar     fffd299c
$scroll            fffd4450  $search_file       fffd447c  $send              fffd4748
$send_DHCP_DECLI   fffd22e8  $send_DHCP_DISCO   fffd1cdc  $send_DHCP_REQUE   fffd1f78
$send_data_proce   fffd55fc  $sendto            fffd4854  $setGAR            fffd5070
$setIMR            fffd51b8  $setMR             fffd5064  $setRCR            fffd51ac
$setRTR            fffd5184  $setSHAR           fffd5100  $setSIPR           fffd5148
$setSUBR           fffd50d0  $setSn_DHAR        fffd531c  $setSn_DIPR        fffd53ec
$setSn_DPORT       fffd5470  $setSn_MSS         fffd54a0  $setSn_PROTO       fffd54ec
$setSn_TTL         fffd54dc  $socket            fffd44cc  $strcat            fffd5db8
$strchr            fffd5dd8  $strlen            fffd5df0  $strpbrk           fffd724c
$strspn            fffd7268  $strstr            fffd5e04  $strtok            fffd5e44
$sysinit           fffd4f00  $uart_begin        fffd4cdc  $uart_tx           fffd4cac
$unescape_http_u   fffd29c0  $web_server        fffd5848  $wiz_read_buf      fffd4ea0
$wiz_write_buf     fffd4e48  $write_data        fffd5704  _Cip               000400
_ConfigureOperat   fffd2d88  _ConfigurePortPi   fffd2e20  _CourierNew10      fffc12dc
_DHCP_SHA          00131c  _DHCP_SIP          0010e0  _DHCP_XID          0010f4
_DHCP_timeout      001332  _DNS_Server_IP     0010dc  _EnablePeriphera   fffd2e1c
_Enable_DHCP       001b44  _FranklinGothicH   fffc2adc  _Gw                001b40
_HOST_NAME         001322  _HardwareSetup     fffd2d84  _IINCHIP_SpiInit   fffd4d44
_IINCHIP_SpiRecv   fffd4d94  _LED_State         001b9c  _Lip               001b38
_MSG               0010f8  _Mac               000404  _OLD_SIP           0010e4
_Set_network       fffd2e30  _Subnet            001b3c  _W5100_Reset       fffd4d14
__ctype            fffc56a4  __memt             0010d0  __mnext            001ba0
__msize            001ba4  __pool             0010c8  _bchannel_start    001b98
_check_DHCP_stat   fffd26c0  _check_Timeout     fffd282c  _clearscreen       fffd4438
_dhcp_state        001330  _evb_lcd_text      001b88  _exit              fffd787c
_file0data         00056c  _file1data         000d8d  _file2data         000450
_file3data         000e60  _getIP_DHCPS       fffd28c8  _getIR             fffd517c
_i                 001334  _iinchip_init      fffd4ef8  _init_S6E63D6_24   fffd3bb4
_lease_time        0010e8  _main              fffd2ea8  _my_time           0010ec
_next_time         0010f0  _retry_count       001331  _romfs_list        00044c
_sock_buf          001338  _sprintf           fffd5d3c  _uart_enable_rx    fffd4ccc
_uart_end          fffd4ce4  _uart_rx           fffd4cb8  dummy_int          fffd787e
start              fffd7728  

##########################################
# (4) GLOBAL EQU SYMBOL INFORMATION      #
##########################################
__SB__           00000400  

##########################################
# (5) GLOBAL EQU BIT-SYMBOL INFORMATION  #
##########################################

##########################################
# (6) LOCAL LABEL INFORMATION            #
##########################################
@ ncrt0 ( E:\repository\09xxxx\090928\firmware\V130\Webserver\Debug\ncrt0.r30 )
@ dhcp ( E:\repository\09xxxx\090928\firmware\V130\Webserver\Debug\dhcp.r30 )
@ HTTPD ( E:\repository\09xxxx\090928\firmware\V130\Webserver\Debug\HTTPD.r30 )
@ hwsetup ( E:\repository\09xxxx\090928\firmware\V130\Webserver\Debug\hwsetup.r30 )
@ main ( E:\repository\09xxxx\090928\firmware\V130\Webserver\Debug\main.r30 )
@ md5 ( E:\repository\09xxxx\090928\firmware\V130\Webserver\Debug\md5.r30 )
@ OLED28 ( E:\repository\09xxxx\090928\firmware\V130\Webserver\Debug\OLED28.r30 )
@ ROMFS ( E:\repository\09xxxx\090928\firmware\V130\Webserver\Debug\ROMFS.r30 )
@ searchfile ( E:\repository\09xxxx\090928\firmware\V130\Webserver\Debug\searchfile.r30 )
@ socket ( E:\repository\09xxxx\090928\firmware\V130\Webserver\Debug\socket.r30 )
@ w5100 ( E:\repository\09xxxx\090928\firmware\V130\Webserver\Debug\w5100.r30 )
@ webserver ( E:\repository\09xxxx\090928\firmware\V130\Webserver\Debug\webserver.r30 )
@ mdata ( c:\program files\renesas\hew\tools\renesas\nc100\v102r00\lib100\nc100lib.lib )
@ sprintf ( c:\program files\renesas\hew\tools\renesas\nc100\v102r00\lib100\nc100lib.lib )
@ strcat ( c:\program files\renesas\hew\tools\renesas\nc100\v102r00\lib100\nc100lib.lib )
@ strchr ( c:\program files\renesas\hew\tools\renesas\nc100\v102r00\lib100\nc100lib.lib )
@ strlen ( c:\program files\renesas\hew\tools\renesas\nc100\v102r00\lib100\nc100lib.lib )
@ strstr ( c:\program files\renesas\hew\tools\renesas\nc100\v102r00\lib100\nc100lib.lib )
@ strtok ( c:\program files\renesas\hew\tools\renesas\nc100\v102r00\lib100\nc100lib.lib )
@ print ( c:\program files\renesas\hew\tools\renesas\nc100\v102r00\lib100\nc100lib.lib )
@ strpbrk ( c:\program files\renesas\hew\tools\renesas\nc100\v102r00\lib100\nc100lib.lib )
@ strspn ( c:\program files\renesas\hew\tools\renesas\nc100\v102r00\lib100\nc100lib.lib )
@ _f8eq ( c:\program files\renesas\hew\tools\renesas\nc100\v102r00\lib100\nc100lib.lib )
@ _f8ge ( c:\program files\renesas\hew\tools\renesas\nc100\v102r00\lib100\nc100lib.lib )
@ _f8lt ( c:\program files\renesas\hew\tools\renesas\nc100\v102r00\lib100\nc100lib.lib )
@ _f8mul ( c:\program files\renesas\hew\tools\renesas\nc100\v102r00\lib100\nc100lib.lib )
@ _f8ne ( c:\program files\renesas\hew\tools\renesas\nc100\v102r00\lib100\nc100lib.lib )
@ _i8divu ( c:\program files\renesas\hew\tools\renesas\nc100\v102r00\lib100\nc100lib.lib )
@ _i8modu ( c:\program files\renesas\hew\tools\renesas\nc100\v102r00\lib100\nc100lib.lib )
@ cdata ( c:\program files\renesas\hew\tools\renesas\nc100\v102r00\lib100\nc100lib.lib )

##########################################
# (7) LOCAL EQU SYMBOL INFORMATION       #
##########################################
@ ncrt0 ( E:\repository\09xxxx\090928\firmware\V130\Webserver\Debug\ncrt0.r30 )
@ dhcp ( E:\repository\09xxxx\090928\firmware\V130\Webserver\Debug\dhcp.r30 )
@ HTTPD ( E:\repository\09xxxx\090928\firmware\V130\Webserver\Debug\HTTPD.r30 )
@ hwsetup ( E:\repository\09xxxx\090928\firmware\V130\Webserver\Debug\hwsetup.r30 )
@ main ( E:\repository\09xxxx\090928\firmware\V130\Webserver\Debug\main.r30 )
@ md5 ( E:\repository\09xxxx\090928\firmware\V130\Webserver\Debug\md5.r30 )
@ OLED28 ( E:\repository\09xxxx\090928\firmware\V130\Webserver\Debug\OLED28.r30 )
@ ROMFS ( E:\repository\09xxxx\090928\firmware\V130\Webserver\Debug\ROMFS.r30 )
@ searchfile ( E:\repository\09xxxx\090928\firmware\V130\Webserver\Debug\searchfile.r30 )
@ socket ( E:\repository\09xxxx\090928\firmware\V130\Webserver\Debug\socket.r30 )
@ w5100 ( E:\repository\09xxxx\090928\firmware\V130\Webserver\Debug\w5100.r30 )
@ webserver ( E:\repository\09xxxx\090928\firmware\V130\Webserver\Debug\webserver.r30 )
@ mdata ( c:\program files\renesas\hew\tools\renesas\nc100\v102r00\lib100\nc100lib.lib )
@ sprintf ( c:\program files\renesas\hew\tools\renesas\nc100\v102r00\lib100\nc100lib.lib )
@ strcat ( c:\program files\renesas\hew\tools\renesas\nc100\v102r00\lib100\nc100lib.lib )
@ strchr ( c:\program files\renesas\hew\tools\renesas\nc100\v102r00\lib100\nc100lib.lib )
@ strlen ( c:\program files\renesas\hew\tools\renesas\nc100\v102r00\lib100\nc100lib.lib )
@ strstr ( c:\program files\renesas\hew\tools\renesas\nc100\v102r00\lib100\nc100lib.lib )
@ strtok ( c:\program files\renesas\hew\tools\renesas\nc100\v102r00\lib100\nc100lib.lib )
@ print ( c:\program files\renesas\hew\tools\renesas\nc100\v102r00\lib100\nc100lib.lib )
@ strpbrk ( c:\program files\renesas\hew\tools\renesas\nc100\v102r00\lib100\nc100lib.lib )
@ strspn ( c:\program files\renesas\hew\tools\renesas\nc100\v102r00\lib100\nc100lib.lib )
@ _f8eq ( c:\program files\renesas\hew\tools\renesas\nc100\v102r00\lib100\nc100lib.lib )
@ _f8ge ( c:\program files\renesas\hew\tools\renesas\nc100\v102r00\lib100\nc100lib.lib )
@ _f8lt ( c:\program files\renesas\hew\tools\renesas\nc100\v102r00\lib100\nc100lib.lib )
@ _f8mul ( c:\program files\renesas\hew\tools\renesas\nc100\v102r00\lib100\nc100lib.lib )
@ _f8ne ( c:\program files\renesas\hew\tools\renesas\nc100\v102r00\lib100\nc100lib.lib )
@ _i8divu ( c:\program files\renesas\hew\tools\renesas\nc100\v102r00\lib100\nc100lib.lib )
@ _i8modu ( c:\program files\renesas\hew\tools\renesas\nc100\v102r00\lib100\nc100lib.lib )
@ cdata ( c:\program files\renesas\hew\tools\renesas\nc100\v102r00\lib100\nc100lib.lib )

##########################################
# (8) LOCAL EQU BIT-SYMBOL INFORMATION   #
##########################################
@ ncrt0 ( E:\repository\09xxxx\090928\firmware\V130\Webserver\Debug\ncrt0.r30 )
@ dhcp ( E:\repository\09xxxx\090928\firmware\V130\Webserver\Debug\dhcp.r30 )
@ HTTPD ( E:\repository\09xxxx\090928\firmware\V130\Webserver\Debug\HTTPD.r30 )
@ hwsetup ( E:\repository\09xxxx\090928\firmware\V130\Webserver\Debug\hwsetup.r30 )
@ main ( E:\repository\09xxxx\090928\firmware\V130\Webserver\Debug\main.r30 )
@ md5 ( E:\repository\09xxxx\090928\firmware\V130\Webserver\Debug\md5.r30 )
@ OLED28 ( E:\repository\09xxxx\090928\firmware\V130\Webserver\Debug\OLED28.r30 )
@ ROMFS ( E:\repository\09xxxx\090928\firmware\V130\Webserver\Debug\ROMFS.r30 )
@ searchfile ( E:\repository\09xxxx\090928\firmware\V130\Webserver\Debug\searchfile.r30 )
@ socket ( E:\repository\09xxxx\090928\firmware\V130\Webserver\Debug\socket.r30 )
@ w5100 ( E:\repository\09xxxx\090928\firmware\V130\Webserver\Debug\w5100.r30 )
@ webserver ( E:\repository\09xxxx\090928\firmware\V130\Webserver\Debug\webserver.r30 )
@ mdata ( c:\program files\renesas\hew\tools\renesas\nc100\v102r00\lib100\nc100lib.lib )
@ sprintf ( c:\program files\renesas\hew\tools\renesas\nc100\v102r00\lib100\nc100lib.lib )
@ strcat ( c:\program files\renesas\hew\tools\renesas\nc100\v102r00\lib100\nc100lib.lib )
@ strchr ( c:\program files\renesas\hew\tools\renesas\nc100\v102r00\lib100\nc100lib.lib )
@ strlen ( c:\program files\renesas\hew\tools\renesas\nc100\v102r00\lib100\nc100lib.lib )
@ strstr ( c:\program files\renesas\hew\tools\renesas\nc100\v102r00\lib100\nc100lib.lib )
@ strtok ( c:\program files\renesas\hew\tools\renesas\nc100\v102r00\lib100\nc100lib.lib )
@ print ( c:\program files\renesas\hew\tools\renesas\nc100\v102r00\lib100\nc100lib.lib )
@ strpbrk ( c:\program files\renesas\hew\tools\renesas\nc100\v102r00\lib100\nc100lib.lib )
@ strspn ( c:\program files\renesas\hew\tools\renesas\nc100\v102r00\lib100\nc100lib.lib )
@ _f8eq ( c:\program files\renesas\hew\tools\renesas\nc100\v102r00\lib100\nc100lib.lib )
@ _f8ge ( c:\program files\renesas\hew\tools\renesas\nc100\v102r00\lib100\nc100lib.lib )
@ _f8lt ( c:\program files\renesas\hew\tools\renesas\nc100\v102r00\lib100\nc100lib.lib )
@ _f8mul ( c:\program files\renesas\hew\tools\renesas\nc100\v102r00\lib100\nc100lib.lib )
@ _f8ne ( c:\program files\renesas\hew\tools\renesas\nc100\v102r00\lib100\nc100lib.lib )
@ _i8divu ( c:\program files\renesas\hew\tools\renesas\nc100\v102r00\lib100\nc100lib.lib )
@ _i8modu ( c:\program files\renesas\hew\tools\renesas\nc100\v102r00\lib100\nc100lib.lib )
@ cdata ( c:\program files\renesas\hew\tools\renesas\nc100\v102r00\lib100\nc100lib.lib )

*** Mapping List ***

SECTION                            START      END         SIZE   ALIGN

data_SB8
                                  00000400  00000400         0   1
bss_SB8
                                  00000400  00000400         0   4
data_NEAR
                                  00000400  000010db       cdc   4
bss_NEAR
                                  000010dc  00001f1d       e42   4
data_MON1
                                  00001f20  00001f20         0   4
bss_MON1
                                  00001f20  00001f20         0   4
data_MON2
                                  00001f20  00001f20         0   4
bss_MON2
                                  00001f20  00001f20         0   4
data_MON3
                                  00001f20  00001f20         0   4
bss_MON3
                                  00001f20  00001f20         0   4
data_MON4
                                  00001f20  00001f20         0   4
bss_MON4
                                  00001f20  00001f20         0   4
stack
                                  00001f20  0000251f       600   4
heap
                                  00002520  0000281f       300   4
data_FAR
                                  00002820  00002820         0   4
bss_FAR
                                  00002820  00002820         0   4
data_EXT
                                  00800000  00800000         0   1
bss_EXT
                                  00800000  00800000         0   4
data_EXT_INIT
                                  ff000000  ff000000         0   1
rom_EXT
                                  ff000000  ff000000         0   4
program_EXT
                                  ff000000  ff000000         0   4
rom_FAR
                                  fffc1000  fffc57a4      47a5   1
data_NEAR_INIT
                                  fffd1000  fffd1cdb       cdc   1
data_MON1_INIT
                                  fffd1cdc  fffd1cdc         0   4
data_MON2_INIT
                                  fffd1cdc  fffd1cdc         0   4
data_MON3_INIT
                                  fffd1cdc  fffd1cdc         0   4
data_MON4_INIT
                                  fffd1cdc  fffd1cdc         0   4
data_SB8_INIT
                                  fffd1cdc  fffd1cdc         0   4
data_FAR_INIT
                                  fffd1cdc  fffd1cdc         0   4
switch_table
                                  fffd1cdc  fffd1cdc         0   4
program
                                  fffd1cdc  fffd7726      5a4b   4
interrupt
                                  fffd7728  fffd787e       157   4
vector
                                  fffffbdc  ffffffdb       400   1
fvector
                                  ffffffdc  ffffffff        24   1

*** Symbol List ***

SECTION=
FILE=                               START        END    SIZE
  SYMBOL                            ADDR        SIZE    INFO      COUNTS  OPT

SECTION=data_SB8
FILE=ncrt0
                                  00000400  00000400         0
  __SB__
                                  00000400         0   none ,g         0

SECTION=data_NEAR
FILE=C:/Eigene Dateien/projects/elektor/2009-06_elektor R32C_jow/2009-09-17_webserver/Webserver/dhcp
                                  00000400  00000403         4
  _Cip
                                  00000400         4   data ,g         0

FILE=E:/repository/09xxxx/090928/firmware/V130/Webserver/main
                                  00000404  00000409         6
  _Mac
                                  00000404         6   data ,g         0

FILE=C:/Eigene Dateien/projects/elektor/2009-06_elektor R32C_jow/2009-09-17_webserver/Webserver/ROMFS
                                  0000044c  000010c4       c79
  _file0data
                                  0000056c       821   data ,g         0
  _file1data
                                  00000d8d        d3   data ,g         0
  _file2data
                                  00000450        e4   data ,g         0
  _file3data
                                  00000e60       265   data ,g         0
  _romfs_list
                                  0000044c         4   data ,g         0

FILE=mdata
                                  000010c8  000010d7        10
  __memt
                                  000010d0         0   none ,g         0
  __pool
                                  000010c8         0   none ,g         0

SECTION=bss_NEAR
FILE=C:/Eigene Dateien/projects/elektor/2009-06_elektor R32C_jow/2009-09-17_webserver/Webserver/dhcp
                                  000010dc  00001332       257
  _DNS_Server_IP
                                  000010dc         4   data ,g         0
  _DHCP_SIP
                                  000010e0         4   data ,g         0
  _DHCP_SHA
                                  0000131c         6   data ,g         0
  _OLD_SIP
                                  000010e4         4   data ,g         0
  _dhcp_state
                                  00001330         1   data ,g         0
  _retry_count
                                  00001331         1   data ,g         0
  _lease_time
                                  000010e8         4   data ,g         0
  _my_time
                                  000010ec         4   data ,g         0
  _next_time
                                  000010f0         4   data ,g         0
  _DHCP_timeout
                                  00001332         1   data ,g         0
  _DHCP_XID
                                  000010f4         4   data ,g         0
  _MSG
                                  000010f8       224   data ,g         0
  _HOST_NAME
                                  00001322         e   data ,g         0

FILE=C:/Eigene Dateien/projects/elektor/2009-06_elektor R32C_jow/2009-09-17_webserver/Webserver/hwsetup
                                  00001334  00001337         4
  _i
                                  00001334         4   data ,g         0

FILE=E:/repository/09xxxx/090928/firmware/V130/Webserver/main
                                  00001338  00001b44       80d
  _sock_buf
                                  00001338       800   data ,g         0
  _Lip
                                  00001b38         4   data ,g         0
  _Subnet
                                  00001b3c         4   data ,g         0
  _Gw
                                  00001b40         4   data ,g         0
  _Enable_DHCP
                                  00001b44         1   data ,g         0

FILE=E:/repository/09xxxx/090928/firmware/V130/Webserver/webserver
                                  00001b80  00001b9d        1e
  _LED_State
                                  00001b9c         2   data ,g         0
  _evb_lcd_text
                                  00001b88        10   data ,g         0
  _bchannel_start
                                  00001b98         4   data ,g         0

FILE=mdata
                                  00001ba0  00001ba7         8
  __mnext
                                  00001ba0         0   none ,g         0
  __msize
                                  00001ba4         0   none ,g         0

SECTION=rom_FAR
FILE=C:/Eigene Dateien/projects/elektor/2009-06_elektor R32C_jow/2009-09-17_webserver/Webserver/OLED28
                                  fffc12dc  fffc54db      4200
  _CourierNew10
                                  fffc12dc      1800   data ,g         0
  _FranklinGothicHeavy18
                                  fffc2adc      2a00   data ,g         0

FILE=cdata
                                  fffc56a4  fffc57a4       101
  __ctype
                                  fffc56a4         0   none ,g         0

SECTION=program
FILE=C:/Eigene Dateien/projects/elektor/2009-06_elektor R32C_jow/2009-09-17_webserver/Webserver/dhcp
                                  fffd1cdc  fffd296b       c90
  $send_DHCP_DISCOVER
                                  fffd1cdc       29a   func ,g         0
  $send_DHCP_REQUEST
                                  fffd1f78       371   func ,g         0
  $send_DHCP_DECLINE
                                  fffd22e8       221   func ,g         0
  $parseDHCPMSG
                                  fffd2508       1b5   func ,g         0
  _check_DHCP_state
                                  fffd26c0       16d   func ,g         0
  _check_Timeout
                                  fffd282c        9d   func ,g         0

FILE=C:/Eigene Dateien/projects/elektor/2009-06_elektor R32C_jow/2009-09-17_webserver/Webserver/HTTPD
                                  fffd296c  fffd2d83       418
  $C2D
                                  fffd296c        2e   func ,g         0
  $replacetochar
                                  fffd299c        25   func ,g         0
  $unescape_http_url
                                  fffd29c0        69   func ,g         0
  $make_http_response_head
                                  fffd2a28        89   func ,g         0
  $find_http_uri_type
                                  fffd2ab4       103   func ,g         0
  $parse_http_request
                                  fffd2bb4       10f   func ,g         0
  $get_http_param_value
                                  fffd2cc4        72   func ,g         0

FILE=C:/Eigene Dateien/projects/elektor/2009-06_elektor R32C_jow/2009-09-17_webserver/Webserver/hwsetup
                                  fffd2d84  fffd2e2c        a9
  _HardwareSetup
                                  fffd2d84         4   func ,g         0
  _ConfigureOperatingFrequency
                                  fffd2d88        93   func ,g         0
  _EnablePeripheralModules
                                  fffd2e1c         2   func ,g         0

FILE=E:/repository/09xxxx/090928/firmware/V130/Webserver/main
                                  fffd2e30  fffd30f5       2c6
  _Set_network
                                  fffd2e30        5e   func ,g         0
  $W5100_PHY_Delay
                                  fffd2e90        17   func ,g         0

FILE=C:/Eigene Dateien/projects/elektor/2009-06_elektor R32C_jow/2009-09-17_webserver/Webserver/md5
                                  fffd30f8  fffd3b05       a0e
  $FF
                                  fffd30f8        31   func ,g         0
  $GG
                                  fffd312c        33   func ,g         0
  $HH
                                  fffd315c        2c   func ,g         0
  $II
                                  fffd3188        2d   func ,g         0
  $md5_init
                                  fffd31b8        26   func ,g         0
  $md5_update
                                  fffd31dc        bd   func ,g         0
  $md5_final
                                  fffd3298        64   func ,g         0

FILE=C:/Eigene Dateien/projects/elektor/2009-06_elektor R32C_jow/2009-09-17_webserver/Webserver/OLED28
                                  fffd3b08  fffd4478       971
  $Index_out
                                  fffd3b08        20   func ,g         0
  $Parameter_out
                                  fffd3b28        38   func ,g         0
  $Pixel_out
                                  fffd3b60        51   func ,g         0
  _init_S6E63D6_240X320_8Bit_80Mode
                                  fffd3bb4        5d   func ,g         0
  $OLED_RECT
                                  fffd3c10        85   func ,g         0
  $OLED_FRAME
                                  fffd3c94        4e   func ,g         0
  $Draw_ASCII_down
                                  fffd3ce4       176   func ,g         0
  $Draw_ASCII_left
                                  fffd3e58       174   func ,g         0
  $Draw_ASCII_right
                                  fffd3fcc       174   func ,g         0
  $printstring_h
                                  fffd4140        71   func ,g         0
  $printstring_l
                                  fffd41b0        70   func ,g         0
  $printstring_r
                                  fffd4220        70   func ,g         0
  $printnum_h
                                  fffd4290        f9   func ,g         0
  $picture
                                  fffd438c        ae   func ,g         0
  _clearscreen
                                  fffd4438        16   func ,g         0

FILE=C:/Eigene Dateien/projects/elektor/2009-06_elektor R32C_jow/2009-09-17_webserver/Webserver/searchfile
                                  fffd447c  fffd44c9        4e
  $search_file
                                  fffd447c        4e   func ,g         0

FILE=C:/Eigene Dateien/projects/elektor/2009-06_elektor R32C_jow/2009-09-17_webserver/Webserver/socket
                                  fffd44cc  fffd4ca8       7dd
  $socket
                                  fffd44cc        d9   func ,g         0
  $close
                                  fffd45a8        3e   func ,g         0
  $listen
                                  fffd45e4        41   func ,g         0
  $connect
                                  fffd4624        f6   func ,g         0
  $disconnect
                                  fffd471c        2c   func ,g         0
  $send
                                  fffd4748        cc   func ,g         0
  $recv
                                  fffd4814        40   func ,g         0
  $sendto
                                  fffd4854       160   func ,g         0
  $recvfrom
                                  fffd49b4       239   func ,g         0

FILE=C:/Eigene Dateien/projects/elektor/2009-06_elektor R32C_jow/2009-09-17_webserver/Webserver/w5100
                                  fffd4cac  fffd57f8       b4d
  $uart_tx
                                  fffd4cac         b   func ,g         0
  _uart_rx
                                  fffd4cb8        13   func ,g         0
  _uart_enable_rx
                                  fffd4ccc        11   func ,g         0
  $uart_begin
                                  fffd4cdc         9   func ,g         0
  _uart_end
                                  fffd4ce4        13   func ,g         0
  $W5100_Delay
                                  fffd4cf8         e   func ,g         0
  $SET_SCS
                                  fffd4d08         c   func ,g         0
  _W5100_Reset
                                  fffd4d14        33   func ,g         0
  _IINCHIP_SpiInit
                                  fffd4d44        45   func ,g         0
  $IINCHIP_SpiSendData
                                  fffd4d8c         a   func ,g         0
  _IINCHIP_SpiRecvData
                                  fffd4d94         9   func ,g         0
  $getISR
                                  fffd4d9c         6   func ,g         0
  $putISR
                                  fffd4da4         9   func ,g         0
  $getIINCHIP_RxMAX
                                  fffd4dac         7   func ,g         0
  $getIINCHIP_TxMAX
                                  fffd4db4         8   func ,g         0
  $getIINCHIP_RxMASK
                                  fffd4dbc         8   func ,g         0
  $getIINCHIP_TxMASK
                                  fffd4dc4         8   func ,g         0
  $getIINCHIP_RxBASE
                                  fffd4dcc         8   func ,g         0
  $getIINCHIP_TxBASE
                                  fffd4dd4         8   func ,g         0
  $IINCHIP_WRITE
                                  fffd4ddc        39   func ,g         0
  $IINCHIP_READ
                                  fffd4e14        35   func ,g         0
  $wiz_write_buf
                                  fffd4e48        55   func ,g         0
  $wiz_read_buf
                                  fffd4ea0        58   func ,g         0
  _iinchip_init
                                  fffd4ef8         9   func ,g         0
  $sysinit
                                  fffd4f00       163   func ,g         0
  $setMR
                                  fffd5064         c   func ,g         0
  $setGAR
                                  fffd5070        30   func ,g         0
  $getGWIP
                                  fffd50a0        30   func ,g         0
  $setSUBR
                                  fffd50d0        31   func ,g         0
  $setSHAR
                                  fffd5100        49   func ,g         0
  $setSIPR
                                  fffd5148        32   func ,g         0
  _getIR
                                  fffd517c         a   func ,g         0
  $setRTR
                                  fffd5184        27   func ,g         0
  $setRCR
                                  fffd51ac         b   func ,g         0
  $setIMR
                                  fffd51b8         c   func ,g         0
  $getGAR
                                  fffd51c4        30   func ,g         0
  $getSUBR
                                  fffd51f4        31   func ,g         0
  $getSHAR
                                  fffd5224        49   func ,g         0
  $getSIPR
                                  fffd526c        32   func ,g         0
  $getSn_DHAR
                                  fffd52a0        7c   func ,g         0
  $setSn_DHAR
                                  fffd531c        7c   func ,g         0
  $getSn_DIPR
                                  fffd5398        56   func ,g         0
  $setSn_DIPR
                                  fffd53ec        54   func ,g         0
  $getSn_DPORT
                                  fffd5440        2e   func ,g         0
  $setSn_DPORT
                                  fffd5470        30   func ,g         0
  $setSn_MSS
                                  fffd54a0        3c   func ,g         0
  $setSn_TTL
                                  fffd54dc        11   func ,g         0
  $setSn_PROTO
                                  fffd54ec        10   func ,g         0
  $getSn_IR
                                  fffd54fc        10   func ,g         0
  $getSn_SR
                                  fffd550c        10   func ,g         0
  $getSn_TX_FSR
                                  fffd551c        6f   func ,g         0
  $getSn_RX_RSR
                                  fffd558c        70   func ,g         0
  $send_data_processing
                                  fffd55fc        85   func ,g         0
  $recv_data_processing
                                  fffd5680        83   func ,g         0
  $write_data
                                  fffd5704        7c   func ,g         0

FILE=E:/repository/09xxxx/090928/firmware/V130/Webserver/webserver
                                  fffd57fc  fffd5d3b       540
  $led_off
                                  fffd57fc        21   func ,g         0
  $led_on
                                  fffd5820        23   func ,g         0
  $led_state
                                  fffd5840         6   func ,g         0
  $web_server
                                  fffd5848        e2   func ,g         0

FILE=sprintf
                                  fffd5d3c  fffd5db7        7c
  _sprintf
                                  fffd5d3c        6e   func ,g         0

FILE=strcat
                                  fffd5db8  fffd5dd6        1f
  $strcat
                                  fffd5db8        1f   func ,g         0

FILE=strchr
                                  fffd5dd8  fffd5def        18
  $strchr
                                  fffd5dd8        18   func ,g         0

FILE=strlen
                                  fffd5df0  fffd5e02        13
  $strlen
                                  fffd5df0        13   func ,g         0

FILE=strstr
                                  fffd5e04  fffd5e41        3e
  $strstr
                                  fffd5e04        3e   func ,g         0

FILE=strtok
                                  fffd5e44  fffd5e9e        5b
  $strtok
                                  fffd5e44        5b   func ,g         0

FILE=print
                                  fffd5ea0  fffd724b      13ac
  $_print
                                  fffd5ea0       b3b   func ,g         0
  $_f8prn
                                  fffd69dc       481   func ,g         0
  $henkan1
                                  fffd6e5c        27   func ,g         0
  $henkan2
                                  fffd6e84        3e   func ,g         0
  $_pri
                                  fffd6ec4        de   func ,g         0
  $_f8geti
                                  fffd6fa0       1a5   func ,g         0
  $_inmod
                                  fffd7144       108   func ,g         0

FILE=strpbrk
                                  fffd724c  fffd7267        1c
  $strpbrk
                                  fffd724c        1c   func ,g         0

FILE=strspn
                                  fffd7268  fffd728d        26
  $strspn
                                  fffd7268        26   func ,g         0

FILE=_f8eq
                                  fffd7290  fffd72d1        42
  $_f8eq
                                  fffd7290        42   func ,g         0

FILE=_f8ge
                                  fffd72d4  fffd732e        5b
  $_f8ge
                                  fffd72d4        5b   func ,g         0

FILE=_f8lt
                                  fffd7330  fffd7389        5a
  $_f8lt
                                  fffd7330        5a   func ,g         0

FILE=_f8mul
                                  fffd738c  fffd75c3       238
  $_f8mul
                                  fffd738c       238   func ,g         0

FILE=_f8ne
                                  fffd75c4  fffd7605        42
  $_f8ne
                                  fffd75c4        42   func ,g         0

FILE=_i8divu
                                  fffd7608  fffd76a0        99
  $_i8divU
                                  fffd7608        99   func ,g         0

FILE=_i8modu
                                  fffd76a4  fffd7726        83
  $_i8modU
                                  fffd76a4        83   func ,g         0

SECTION=interrupt
FILE=ncrt0
                                  fffd7728  fffd787e       157
  $exit
                                  fffd787c         0   none ,g         0
  _exit
                                  fffd787c         0   none ,g         0
  dummy_int
                                  fffd787e         0   none ,g         0

